<html>
<body>
<pre>
<h1>µVision Build Log</h1>
<h2>Tool Versions:</h2>
IDE-Version: µVision V5.38.0.0
Copyright (C) 2022 ARM Ltd and ARM Germany GmbH. All rights reserved.
License Information: mikhail mikhail, Company, LIC=----
 
Tool Versions:
Toolchain:       MDK-Lite  Version: 5.38.0.0
Toolchain Path:  D:\Keil\ARM\ARMCLANG\Bin
C Compiler:      ArmClang.exe V6.19
Assembler:       Armasm.exe V6.19
Linker/Locator:  ArmLink.exe V6.19
Library Manager: ArmAr.exe V6.19
Hex Converter:   FromElf.exe V6.19
CPU DLL:         SARMCM3.DLL V5.38.0.0
Dialog DLL:      DCM.DLL V1.17.5.0
Target DLL:      STLink\ST-LINKIII-KEIL_SWO.dll V3.1.0.0
Dialog DLL:      TCM.DLL V1.56.4.0
 
<h2>Project:</h2>
D:\Home folder\02 Projects\GIT\Droneport\STM32 main\main.uvprojx
Project File Date:  06/28/2026

<h2>Output:</h2>
*** Using Compiler 'V6.19', folder: 'D:\Keil\ARM\ARMCLANG\Bin'
Rebuild target 'Target 1'
compiling gpio.c...
compiling led_blink.c...
compiling system_stm32f4xx.c...
compiling adc.c...
compiling rcc.c...
compiling dht22.c...
compiling usart1.c...
compiling pwm.c...
assembling startup_stm32f401xc.s...
compiling main.c...
linking...
Program Size: Code=7732 RO-data=420 RW-data=0 ZI-data=2696  
FromELF: creating hex file...
".\Objects\main.axf" - 0 Error(s), 0 Warning(s).

<h2>Software Packages used:</h2>

Package Vendor: ARM
                http://www.keil.com/pack/ARM.CMSIS.5.9.0.pack
                ARM.CMSIS.5.9.0
                CMSIS (Common Microcontroller Software Interface Standard)
   * Component: CORE Version: 5.6.0

Package Vendor: Keil
                http://www.keil.com/pack/Keil.STM32F4xx_DFP.2.5.0.pack
                Keil.STM32F4xx_DFP.2.5.0
                STMicroelectronics STM32F4 Series Device Support, Drivers and Examples
   * Component: Startup Version: 2.3.1

<h2>Collection of Component include folders:</h2>
  ./RTE/_Target_1
  D:/KeilPacks/ARM/CMSIS/5.9.0/CMSIS/Core/Include
  D:/KeilPacks/Keil/STM32F4xx_DFP/2.5.0/Drivers/CMSIS/Device/ST/STM32F4xx/Include

<h2>Collection of Component Files used:</h2>

   * Component: ARM::CMSIS:CORE:5.6.0

   * Component: Keil::Device:Startup:2.3.1
      Source file:   MDK/Device/Source/ARM/STM32F401xx_OPT.s
      Source file:   MDK/Device/Source/ARM/STM32F4xx_OTP.s
      Include file:  Drivers/CMSIS/Device/ST/STM32F4xx/Include/stm32f4xx.h
      Source file:   Drivers/CMSIS/Device/ST/STM32F4xx/Source/Templates/arm/startup_stm32f401xc.s
      Source file:   MDK/Device/Source/ARM/system_stm32f4xx.c
Build Time Elapsed:  00:00:01
</pre>
</body>
</html>
