Component: Arm Compiler for Embedded 6.19 Tool: armlink [5e73cb00]

==============================================================================

Section Cross References

    adc.o(.ARM.exidx.text.ADC_Init) refers to adc.o(.text.ADC_Init) for [Anonymous Symbol]
    adc.o(.ARM.exidx.text.ADC_ReadRaw) refers to adc.o(.text.ADC_ReadRaw) for [Anonymous Symbol]
    dht22.o(.text.DHT22_Init) refers to dht22.o(.text.PA7_Input_PullUp) for PA7_Input_PullUp
    dht22.o(.ARM.exidx.text.DHT22_Init) refers to dht22.o(.text.DHT22_Init) for [Anonymous Symbol]
    dht22.o(.ARM.exidx.text.PA7_Input_PullUp) refers to dht22.o(.text.PA7_Input_PullUp) for [Anonymous Symbol]
    dht22.o(.text.DHT22_Read) refers to dht22.o(.text.ClearData) for ClearData
    dht22.o(.text.DHT22_Read) refers to dht22.o(.text.PA7_Output_Low) for PA7_Output_Low
    dht22.o(.text.DHT22_Read) refers to rcc.o(.text.getMicros) for getMicros
    dht22.o(.text.DHT22_Read) refers to dht22.o(.text.PA7_Output_High) for PA7_Output_High
    dht22.o(.text.DHT22_Read) refers to dht22.o(.text.PA7_Input_PullUp) for PA7_Input_PullUp
    dht22.o(.text.DHT22_Read) refers to dht22.o(.text.WaitForLevel) for WaitForLevel
    dht22.o(.ARM.exidx.text.DHT22_Read) refers to dht22.o(.text.DHT22_Read) for [Anonymous Symbol]
    dht22.o(.ARM.exidx.text.ClearData) refers to dht22.o(.text.ClearData) for [Anonymous Symbol]
    dht22.o(.ARM.exidx.text.PA7_Output_Low) refers to dht22.o(.text.PA7_Output_Low) for [Anonymous Symbol]
    dht22.o(.ARM.exidx.text.PA7_Output_High) refers to dht22.o(.text.PA7_Output_High) for [Anonymous Symbol]
    dht22.o(.text.WaitForLevel) refers to rcc.o(.text.getMicros) for getMicros
    dht22.o(.text.WaitForLevel) refers to dht22.o(.text.PA7_Read) for PA7_Read
    dht22.o(.ARM.exidx.text.WaitForLevel) refers to dht22.o(.text.WaitForLevel) for [Anonymous Symbol]
    dht22.o(.ARM.exidx.text.DHT22_GetHumidity) refers to dht22.o(.text.DHT22_GetHumidity) for [Anonymous Symbol]
    dht22.o(.ARM.exidx.text.DHT22_GetTemperature) refers to dht22.o(.text.DHT22_GetTemperature) for [Anonymous Symbol]
    dht22.o(.ARM.exidx.text.PA7_Read) refers to dht22.o(.text.PA7_Read) for [Anonymous Symbol]
    gpio.o(.ARM.exidx.text.GPIO_init) refers to gpio.o(.text.GPIO_init) for [Anonymous Symbol]
    led_blink.o(.text.LedBlink_Init) refers to led_blink.o(.text.__NVIC_SetPriority) for __NVIC_SetPriority
    led_blink.o(.text.LedBlink_Init) refers to led_blink.o(.text.__NVIC_EnableIRQ) for __NVIC_EnableIRQ
    led_blink.o(.ARM.exidx.text.LedBlink_Init) refers to led_blink.o(.text.LedBlink_Init) for [Anonymous Symbol]
    led_blink.o(.ARM.exidx.text.__NVIC_SetPriority) refers to led_blink.o(.text.__NVIC_SetPriority) for [Anonymous Symbol]
    led_blink.o(.ARM.exidx.text.__NVIC_EnableIRQ) refers to led_blink.o(.text.__NVIC_EnableIRQ) for [Anonymous Symbol]
    main.o(.ARM.exidx.text.calc_checksum) refers to main.o(.text.calc_checksum) for [Anonymous Symbol]
    main.o(.text.send_packet) refers to main.o(.text.calc_checksum) for calc_checksum
    main.o(.text.send_packet) refers to usart1.o(.text.USART1_SendArray) for USART1_SendArray
    main.o(.ARM.exidx.text.send_packet) refers to main.o(.text.send_packet) for [Anonymous Symbol]
    main.o(.text.send_ack) refers to main.o(.text.send_packet) for send_packet
    main.o(.ARM.exidx.text.send_ack) refers to main.o(.text.send_ack) for [Anonymous Symbol]
    main.o(.text.send_nack_with_error) refers to main.o(.text.send_packet) for send_packet
    main.o(.ARM.exidx.text.send_nack_with_error) refers to main.o(.text.send_nack_with_error) for [Anonymous Symbol]
    main.o(.text.Airing_control) refers to main.o(.bss.emergency_stop) for emergency_stop
    main.o(.text.Airing_control) refers to rcc.o(.text.delay) for delay
    main.o(.ARM.exidx.text.Airing_control) refers to main.o(.text.Airing_control) for [Anonymous Symbol]
    main.o(.text.makeSteps) refers to main.o(.text.runStepProfile) for runStepProfile
    main.o(.ARM.exidx.text.makeSteps) refers to main.o(.text.makeSteps) for [Anonymous Symbol]
    main.o(.text.runStepProfile) refers to main.o(.bss.emergency_stop) for emergency_stop
    main.o(.text.runStepProfile) refers to main.o(.text.doStepVar) for doStepVar
    main.o(.ARM.exidx.text.runStepProfile) refers to main.o(.text.runStepProfile) for [Anonymous Symbol]
    main.o(.text.read_message) refers to main.o(.bss.start_msg_index) for start_msg_index
    main.o(.text.read_message) refers to main.o(.bss.msg_rx) for msg_rx
    main.o(.text.read_message) refers to main.o(.text.calc_checksum) for calc_checksum
    main.o(.text.read_message) refers to main.o(.text.send_nack_with_error) for send_nack_with_error
    main.o(.text.read_message) refers to main.o(.text.send_packet) for send_packet
    main.o(.text.read_message) refers to adc.o(.text.ADC_ReadRaw) for ADC_ReadRaw
    main.o(.text.read_message) refers to dht22.o(.text.DHT22_Read) for DHT22_Read
    main.o(.text.read_message) refers to main.o(.bss.isClimatic) for isClimatic
    main.o(.text.read_message) refers to rcc.o(.text.delay) for delay
    main.o(.text.read_message) refers to main.o(.bss.emergency_stop) for emergency_stop
    main.o(.text.read_message) refers to main.o(.text.makeSteps) for makeSteps
    main.o(.text.read_message) refers to pwm.o(.text.PWM_SetPulseWidth) for PWM_SetPulseWidth
    main.o(.text.read_message) refers to rcc.o(.text.getMicros) for getMicros
    main.o(.text.read_message) refers to main.o(.text.send_ack) for send_ack
    main.o(.text.read_message) refers to main.o(.bss.last_msg_index) for last_msg_index
    main.o(.ARM.exidx.text.read_message) refers to main.o(.text.read_message) for [Anonymous Symbol]
    main.o(.text.loopback_message) refers to main.o(.bss.start_msg_index) for start_msg_index
    main.o(.text.loopback_message) refers to main.o(.bss.msg_rx) for msg_rx
    main.o(.text.loopback_message) refers to main.o(.text.send_packet) for send_packet
    main.o(.ARM.exidx.text.loopback_message) refers to main.o(.text.loopback_message) for [Anonymous Symbol]
    main.o(.text.main) refers to rcc.o(.text.ClockInit) for ClockInit
    main.o(.text.main) refers to gpio.o(.text.GPIO_init) for GPIO_init
    main.o(.text.main) refers to led_blink.o(.text.LedBlink_Init) for LedBlink_Init
    main.o(.text.main) refers to usart1.o(.text.USART1_Init) for USART1_Init
    main.o(.text.main) refers to pwm.o(.text.PWM_Init) for PWM_Init
    main.o(.text.main) refers to pwm.o(.text.PWM_Enable) for PWM_Enable
    main.o(.text.main) refers to adc.o(.text.ADC_Init) for ADC_Init
    main.o(.text.main) refers to dht22.o(.text.DHT22_Init) for DHT22_Init
    main.o(.text.main) refers to rcc.o(.text.MicroTimer_Init) for MicroTimer_Init
    main.o(.text.main) refers to pwm.o(.text.PWM_SetPulseWidth) for PWM_SetPulseWidth
    main.o(.text.main) refers to rcc.o(.text.delay) for delay
    main.o(.text.main) refers to main.o(.bss.last_msg_index) for last_msg_index
    main.o(.text.main) refers to main.o(.bss.start_msg_index) for start_msg_index
    main.o(.text.main) refers to main.o(.text.read_message) for read_message
    main.o(.text.main) refers to main.o(.bss.rx_in_progress) for rx_in_progress
    main.o(.text.main) refers to rcc.o(.text.getMicros) for getMicros
    main.o(.text.main) refers to main.o(.bss.last_byte_tick) for last_byte_tick
    main.o(.text.main) refers to main.o(.bss.msg_byte_index) for msg_byte_index
    main.o(.text.main) refers to main.o(.bss.isClimatic) for isClimatic
    main.o(.text.main) refers to dht22.o(.text.DHT22_GetTemperature) for DHT22_GetTemperature
    main.o(.text.main) refers to dht22.o(.text.DHT22_GetHumidity) for DHT22_GetHumidity
    main.o(.text.main) refers to main.o(.text.Airing_control) for Airing_control
    main.o(.ARM.exidx.text.main) refers to main.o(.text.main) for [Anonymous Symbol]
    main.o(.ARM.exidx.text.TIM4_IRQHandler) refers to main.o(.text.TIM4_IRQHandler) for [Anonymous Symbol]
    main.o(.text.USART1_IRQHandler) refers to rcc.o(.text.getMicros) for getMicros
    main.o(.text.USART1_IRQHandler) refers to main.o(.bss.last_byte_tick) for last_byte_tick
    main.o(.text.USART1_IRQHandler) refers to main.o(.bss.msg_byte_index) for msg_byte_index
    main.o(.text.USART1_IRQHandler) refers to main.o(.bss.rx_in_progress) for rx_in_progress
    main.o(.text.USART1_IRQHandler) refers to main.o(.bss.last_msg_index) for last_msg_index
    main.o(.text.USART1_IRQHandler) refers to main.o(.bss.msg_rx) for msg_rx
    main.o(.text.USART1_IRQHandler) refers to main.o(.bss.emergency_stop) for emergency_stop
    main.o(.ARM.exidx.text.USART1_IRQHandler) refers to main.o(.text.USART1_IRQHandler) for [Anonymous Symbol]
    main.o(.text.doStepVar) refers to rcc.o(.text.getMicros) for getMicros
    main.o(.ARM.exidx.text.doStepVar) refers to main.o(.text.doStepVar) for [Anonymous Symbol]
    pwm.o(.text.PWM_Init) refers to pwm.o(.text.PWM_SetPulseWidth) for PWM_SetPulseWidth
    pwm.o(.ARM.exidx.text.PWM_Init) refers to pwm.o(.text.PWM_Init) for [Anonymous Symbol]
    pwm.o(.ARM.exidx.text.PWM_SetPulseWidth) refers to pwm.o(.text.PWM_SetPulseWidth) for [Anonymous Symbol]
    pwm.o(.text.PWM_SetDutyPercent) refers to pwm.o(.text.PWM_SetPulseWidth) for PWM_SetPulseWidth
    pwm.o(.ARM.exidx.text.PWM_SetDutyPercent) refers to pwm.o(.text.PWM_SetDutyPercent) for [Anonymous Symbol]
    pwm.o(.ARM.exidx.text.PWM_Enable) refers to pwm.o(.text.PWM_Enable) for [Anonymous Symbol]
    pwm.o(.ARM.exidx.text.PWM_Disable) refers to pwm.o(.text.PWM_Disable) for [Anonymous Symbol]
    rcc.o(.ARM.exidx.text.ClockInit) refers to rcc.o(.text.ClockInit) for [Anonymous Symbol]
    rcc.o(.ARM.exidx.text.delayMicroseconds) refers to rcc.o(.text.delayMicroseconds) for [Anonymous Symbol]
    rcc.o(.ARM.exidx.text.delay) refers to rcc.o(.text.delay) for [Anonymous Symbol]
    rcc.o(.ARM.exidx.text.MicroTimer_Init) refers to rcc.o(.text.MicroTimer_Init) for [Anonymous Symbol]
    rcc.o(.ARM.exidx.text.getMicros) refers to rcc.o(.text.getMicros) for [Anonymous Symbol]
    usart1.o(.text.USART1_Init) refers to usart1.o(.text.__NVIC_EnableIRQ) for __NVIC_EnableIRQ
    usart1.o(.text.USART1_Init) refers to usart1.o(.text.__NVIC_SetPriority) for __NVIC_SetPriority
    usart1.o(.ARM.exidx.text.USART1_Init) refers to usart1.o(.text.USART1_Init) for [Anonymous Symbol]
    usart1.o(.ARM.exidx.text.__NVIC_EnableIRQ) refers to usart1.o(.text.__NVIC_EnableIRQ) for [Anonymous Symbol]
    usart1.o(.ARM.exidx.text.__NVIC_SetPriority) refers to usart1.o(.text.__NVIC_SetPriority) for [Anonymous Symbol]
    usart1.o(.ARM.exidx.text.USART1_SendArray) refers to usart1.o(.text.USART1_SendArray) for [Anonymous Symbol]
    startup_stm32f401xc.o(STACK) refers (Special) to heapauxi.o(.text) for __use_two_region_memory
    startup_stm32f401xc.o(HEAP) refers (Special) to heapauxi.o(.text) for __use_two_region_memory
    startup_stm32f401xc.o(RESET) refers (Special) to heapauxi.o(.text) for __use_two_region_memory
    startup_stm32f401xc.o(RESET) refers to startup_stm32f401xc.o(STACK) for __initial_sp
    startup_stm32f401xc.o(RESET) refers to startup_stm32f401xc.o(.text) for Reset_Handler
    startup_stm32f401xc.o(RESET) refers to main.o(.text.TIM4_IRQHandler) for TIM4_IRQHandler
    startup_stm32f401xc.o(RESET) refers to main.o(.text.USART1_IRQHandler) for USART1_IRQHandler
    startup_stm32f401xc.o(.text) refers (Special) to heapauxi.o(.text) for __use_two_region_memory
    startup_stm32f401xc.o(.text) refers to system_stm32f4xx.o(.text.SystemInit) for SystemInit
    startup_stm32f401xc.o(.text) refers to __main.o(!!!main) for __main
    startup_stm32f401xc.o(.text) refers to startup_stm32f401xc.o(HEAP) for Heap_Mem
    startup_stm32f401xc.o(.text) refers to startup_stm32f401xc.o(STACK) for Stack_Mem
    system_stm32f4xx.o(.ARM.exidx.text.SystemInit) refers to system_stm32f4xx.o(.text.SystemInit) for [Anonymous Symbol]
    system_stm32f4xx.o(.text.SystemCoreClockUpdate) refers to system_stm32f4xx.o(.data.SystemCoreClock) for SystemCoreClock
    system_stm32f4xx.o(.text.SystemCoreClockUpdate) refers to system_stm32f4xx.o(.rodata.AHBPrescTable) for AHBPrescTable
    system_stm32f4xx.o(.ARM.exidx.text.SystemCoreClockUpdate) refers to system_stm32f4xx.o(.text.SystemCoreClockUpdate) for [Anonymous Symbol]
    __main.o(!!!main) refers to __rtentry.o(.ARM.Collect$$rtentry$$00000000) for __rt_entry
    __rtentry.o(.ARM.Collect$$rtentry$$00000000) refers (Special) to __rtentry2.o(.ARM.Collect$$rtentry$$0000000A) for __rt_entry_li
    __rtentry.o(.ARM.Collect$$rtentry$$00000000) refers (Special) to __rtentry2.o(.ARM.Collect$$rtentry$$0000000D) for __rt_entry_main
    __rtentry.o(.ARM.Collect$$rtentry$$00000000) refers (Special) to __rtentry2.o(.ARM.Collect$$rtentry$$0000000C) for __rt_entry_postli_1
    __rtentry.o(.ARM.Collect$$rtentry$$00000000) refers (Special) to __rtentry2.o(.ARM.Collect$$rtentry$$00000009) for __rt_entry_postsh_1
    __rtentry.o(.ARM.Collect$$rtentry$$00000000) refers (Special) to __rtentry2.o(.ARM.Collect$$rtentry$$00000002) for __rt_entry_presh_1
    __rtentry.o(.ARM.Collect$$rtentry$$00000000) refers (Special) to __rtentry4.o(.ARM.Collect$$rtentry$$00000004) for __rt_entry_sh
    __rtentry2.o(.ARM.Collect$$rtentry$$00000008) refers to boardinit2.o(.text) for _platform_post_stackheap_init
    __rtentry2.o(.ARM.Collect$$rtentry$$0000000A) refers to libinit.o(.ARM.Collect$$libinit$$00000000) for __rt_lib_init
    __rtentry2.o(.ARM.Collect$$rtentry$$0000000B) refers to boardinit3.o(.text) for _platform_post_lib_init
    __rtentry2.o(.ARM.Collect$$rtentry$$0000000D) refers to main.o(.text.main) for main
    __rtentry2.o(.ARM.Collect$$rtentry$$0000000D) refers to exit.o(.text) for exit
    __rtentry2.o(.ARM.exidx) refers to __rtentry2.o(.ARM.Collect$$rtentry$$00000001) for .ARM.Collect$$rtentry$$00000001
    __rtentry2.o(.ARM.exidx) refers to __rtentry2.o(.ARM.Collect$$rtentry$$00000008) for .ARM.Collect$$rtentry$$00000008
    __rtentry2.o(.ARM.exidx) refers to __rtentry2.o(.ARM.Collect$$rtentry$$0000000A) for .ARM.Collect$$rtentry$$0000000A
    __rtentry2.o(.ARM.exidx) refers to __rtentry2.o(.ARM.Collect$$rtentry$$0000000B) for .ARM.Collect$$rtentry$$0000000B
    __rtentry2.o(.ARM.exidx) refers to __rtentry2.o(.ARM.Collect$$rtentry$$0000000D) for .ARM.Collect$$rtentry$$0000000D
    __rtentry4.o(.ARM.Collect$$rtentry$$00000004) refers to sys_stackheap_outer.o(.text) for __user_setup_stackheap
    __rtentry4.o(.ARM.exidx) refers to __rtentry4.o(.ARM.Collect$$rtentry$$00000004) for .ARM.Collect$$rtentry$$00000004
    sys_stackheap_outer.o(.text) refers to libspace.o(.text) for __user_perproc_libspace
    sys_stackheap_outer.o(.text) refers to startup_stm32f401xc.o(.text) for __user_initial_stackheap
    exit.o(.text) refers to rtexit.o(.ARM.Collect$$rtexit$$00000000) for __rt_exit
    libinit.o(.ARM.Collect$$libinit$$00000000) refers (Special) to libinit2.o(.ARM.Collect$$libinit$$00000030) for __rt_lib_init_alloca_1
    libinit.o(.ARM.Collect$$libinit$$00000000) refers (Special) to libinit2.o(.ARM.Collect$$libinit$$0000002E) for __rt_lib_init_argv_1
    libinit.o(.ARM.Collect$$libinit$$00000000) refers (Special) to libinit2.o(.ARM.Collect$$libinit$$0000001D) for __rt_lib_init_atexit_1
    libinit.o(.ARM.Collect$$libinit$$00000000) refers (Special) to libinit2.o(.ARM.Collect$$libinit$$00000023) for __rt_lib_init_clock_1
    libinit.o(.ARM.Collect$$libinit$$00000000) refers (Special) to libinit2.o(.ARM.Collect$$libinit$$00000034) for __rt_lib_init_cpp_1
    libinit.o(.ARM.Collect$$libinit$$00000000) refers (Special) to libinit2.o(.ARM.Collect$$libinit$$00000032) for __rt_lib_init_exceptions_1
    libinit.o(.ARM.Collect$$libinit$$00000000) refers (Special) to libinit2.o(.ARM.Collect$$libinit$$00000001) for __rt_lib_init_fp_1
    libinit.o(.ARM.Collect$$libinit$$00000000) refers (Special) to libinit2.o(.ARM.Collect$$libinit$$00000021) for __rt_lib_init_fp_trap_1
    libinit.o(.ARM.Collect$$libinit$$00000000) refers (Special) to libinit2.o(.ARM.Collect$$libinit$$00000025) for __rt_lib_init_getenv_1
    libinit.o(.ARM.Collect$$libinit$$00000000) refers (Special) to libinit2.o(.ARM.Collect$$libinit$$0000000C) for __rt_lib_init_heap_1
    libinit.o(.ARM.Collect$$libinit$$00000000) refers (Special) to libinit2.o(.ARM.Collect$$libinit$$00000013) for __rt_lib_init_lc_collate_1
    libinit.o(.ARM.Collect$$libinit$$00000000) refers (Special) to libinit2.o(.ARM.Collect$$libinit$$00000015) for __rt_lib_init_lc_ctype_1
    libinit.o(.ARM.Collect$$libinit$$00000000) refers (Special) to libinit2.o(.ARM.Collect$$libinit$$00000017) for __rt_lib_init_lc_monetary_1
    libinit.o(.ARM.Collect$$libinit$$00000000) refers (Special) to libinit2.o(.ARM.Collect$$libinit$$00000019) for __rt_lib_init_lc_numeric_1
    libinit.o(.ARM.Collect$$libinit$$00000000) refers (Special) to libinit2.o(.ARM.Collect$$libinit$$0000001B) for __rt_lib_init_lc_time_1
    libinit.o(.ARM.Collect$$libinit$$00000000) refers (Special) to libinit2.o(.ARM.Collect$$libinit$$00000006) for __rt_lib_init_preinit_1
    libinit.o(.ARM.Collect$$libinit$$00000000) refers (Special) to libinit2.o(.ARM.Collect$$libinit$$00000010) for __rt_lib_init_rand_1
    libinit.o(.ARM.Collect$$libinit$$00000000) refers (Special) to libinit2.o(.ARM.Collect$$libinit$$00000004) for __rt_lib_init_relocate_pie_1
    libinit.o(.ARM.Collect$$libinit$$00000000) refers (Special) to libinit2.o(.ARM.Collect$$libinit$$00000035) for __rt_lib_init_return
    libinit.o(.ARM.Collect$$libinit$$00000000) refers (Special) to libinit2.o(.ARM.Collect$$libinit$$0000001F) for __rt_lib_init_signal_1
    libinit.o(.ARM.Collect$$libinit$$00000000) refers (Special) to libinit2.o(.ARM.Collect$$libinit$$00000027) for __rt_lib_init_stdio_1
    libinit.o(.ARM.Collect$$libinit$$00000000) refers (Special) to libinit2.o(.ARM.Collect$$libinit$$0000000E) for __rt_lib_init_user_alloc_1
    libspace.o(.text) refers to libspace.o(.bss) for __libspace_start
    rtexit.o(.ARM.Collect$$rtexit$$00000000) refers (Special) to rtexit2.o(.ARM.Collect$$rtexit$$00000004) for __rt_exit_exit
    rtexit.o(.ARM.Collect$$rtexit$$00000000) refers (Special) to rtexit2.o(.ARM.Collect$$rtexit$$00000003) for __rt_exit_ls
    rtexit.o(.ARM.Collect$$rtexit$$00000000) refers (Special) to rtexit2.o(.ARM.Collect$$rtexit$$00000002) for __rt_exit_prels_1
    rtexit.o(.ARM.exidx) refers (Special) to rtexit2.o(.ARM.Collect$$rtexit$$00000004) for __rt_exit_exit
    rtexit.o(.ARM.exidx) refers (Special) to rtexit2.o(.ARM.Collect$$rtexit$$00000003) for __rt_exit_ls
    rtexit.o(.ARM.exidx) refers (Special) to rtexit2.o(.ARM.Collect$$rtexit$$00000002) for __rt_exit_prels_1
    rtexit.o(.ARM.exidx) refers to rtexit.o(.ARM.Collect$$rtexit$$00000000) for .ARM.Collect$$rtexit$$00000000
    libinit2.o(.ARM.Collect$$libinit$$00000001) refers to fpinit.o(x$fpl$fpinit) for _fp_init
    libinit2.o(.ARM.Collect$$libinit$$00000012) refers to libinit2.o(.ARM.Collect$$libinit$$00000011) for .ARM.Collect$$libinit$$00000011
    libinit2.o(.ARM.Collect$$libinit$$00000014) refers to libinit2.o(.ARM.Collect$$libinit$$00000011) for .ARM.Collect$$libinit$$00000011
    libinit2.o(.ARM.Collect$$libinit$$00000016) refers to libinit2.o(.ARM.Collect$$libinit$$00000011) for .ARM.Collect$$libinit$$00000011
    libinit2.o(.ARM.Collect$$libinit$$00000018) refers to libinit2.o(.ARM.Collect$$libinit$$00000011) for .ARM.Collect$$libinit$$00000011
    libinit2.o(.ARM.Collect$$libinit$$0000001A) refers to libinit2.o(.ARM.Collect$$libinit$$00000011) for .ARM.Collect$$libinit$$00000011
    libinit2.o(.ARM.Collect$$libinit$$00000028) refers to argv_veneer.o(.emb_text) for __ARM_argv_veneer
    libinit2.o(.ARM.Collect$$libinit$$00000029) refers to argv_veneer.o(.emb_text) for __ARM_argv_veneer
    rtexit2.o(.ARM.Collect$$rtexit$$00000003) refers to libshutdown.o(.ARM.Collect$$libshutdown$$00000000) for __rt_lib_shutdown
    rtexit2.o(.ARM.Collect$$rtexit$$00000004) refers to sys_exit.o(.text) for _sys_exit
    rtexit2.o(.ARM.exidx) refers to rtexit2.o(.ARM.Collect$$rtexit$$00000001) for .ARM.Collect$$rtexit$$00000001
    rtexit2.o(.ARM.exidx) refers to rtexit2.o(.ARM.Collect$$rtexit$$00000003) for .ARM.Collect$$rtexit$$00000003
    rtexit2.o(.ARM.exidx) refers to rtexit2.o(.ARM.Collect$$rtexit$$00000004) for .ARM.Collect$$rtexit$$00000004
    argv_veneer.o(.emb_text) refers to no_argv.o(.text) for __ARM_get_argv
    sys_exit.o(.text) refers (Special) to use_no_semi.o(.text) for __I$use$semihosting
    sys_exit.o(.text) refers (Special) to indicate_semi.o(.text) for __semihosting_library_function
    sys_exit_hlt.o(.text) refers (Special) to use_no_semi.o(.text) for __I$use$semihosting
    sys_exit_hlt.o(.text) refers (Special) to indicate_semi.o(.text) for __semihosting_library_function
    _get_argv_nomalloc.o(.text) refers (Special) to hrguard.o(.text) for __heap_region$guard
    _get_argv_nomalloc.o(.text) refers to defsig_rtmem_outer.o(.text) for __rt_SIGRTMEM
    _get_argv_nomalloc.o(.text) refers to sys_command.o(.text) for _sys_command_string
    libshutdown.o(.ARM.Collect$$libshutdown$$00000000) refers (Special) to libshutdown2.o(.ARM.Collect$$libshutdown$$00000002) for __rt_lib_shutdown_cpp_1
    libshutdown.o(.ARM.Collect$$libshutdown$$00000000) refers (Special) to libshutdown2.o(.ARM.Collect$$libshutdown$$00000007) for __rt_lib_shutdown_fp_trap_1
    libshutdown.o(.ARM.Collect$$libshutdown$$00000000) refers (Special) to libshutdown2.o(.ARM.Collect$$libshutdown$$0000000F) for __rt_lib_shutdown_heap_1
    libshutdown.o(.ARM.Collect$$libshutdown$$00000000) refers (Special) to libshutdown2.o(.ARM.Collect$$libshutdown$$00000010) for __rt_lib_shutdown_return
    libshutdown.o(.ARM.Collect$$libshutdown$$00000000) refers (Special) to libshutdown2.o(.ARM.Collect$$libshutdown$$0000000A) for __rt_lib_shutdown_signal_1
    libshutdown.o(.ARM.Collect$$libshutdown$$00000000) refers (Special) to libshutdown2.o(.ARM.Collect$$libshutdown$$00000004) for __rt_lib_shutdown_stdio_1
    libshutdown.o(.ARM.Collect$$libshutdown$$00000000) refers (Special) to libshutdown2.o(.ARM.Collect$$libshutdown$$0000000C) for __rt_lib_shutdown_user_alloc_1
    sys_command.o(.text) refers (Special) to use_no_semi.o(.text) for __I$use$semihosting
    sys_command.o(.text) refers (Special) to indicate_semi.o(.text) for __semihosting_library_function
    sys_command_hlt.o(.text) refers (Special) to use_no_semi.o(.text) for __I$use$semihosting
    sys_command_hlt.o(.text) refers (Special) to indicate_semi.o(.text) for __semihosting_library_function
    defsig_rtmem_outer.o(.text) refers to defsig_rtmem_inner.o(.text) for __rt_SIGRTMEM_inner
    defsig_rtmem_outer.o(.text) refers to defsig_exit.o(.text) for __sig_exit
    defsig_rtmem_formal.o(.text) refers to rt_raise.o(.text) for __rt_raise
    rt_raise.o(.text) refers to __raise.o(.text) for __raise
    rt_raise.o(.text) refers to sys_exit.o(.text) for _sys_exit
    defsig_exit.o(.text) refers to sys_exit.o(.text) for _sys_exit
    defsig_rtmem_inner.o(.text) refers to defsig_general.o(.text) for __default_signal_display
    __raise.o(.text) refers to defsig.o(CL$$defsig) for __default_signal_handler
    defsig_general.o(.text) refers to sys_wrch.o(.text) for _ttywrch
    sys_wrch.o(.text) refers (Special) to use_no_semi.o(.text) for __I$use$semihosting
    sys_wrch.o(.text) refers (Special) to indicate_semi.o(.text) for __semihosting_library_function
    sys_wrch_hlt.o(.text) refers (Special) to use_no_semi.o(.text) for __I$use$semihosting
    sys_wrch_hlt.o(.text) refers (Special) to indicate_semi.o(.text) for __semihosting_library_function
    defsig.o(CL$$defsig) refers to defsig_rtmem_inner.o(.text) for __rt_SIGRTMEM_inner
    defsig_abrt_inner.o(.text) refers to defsig_general.o(.text) for __default_signal_display
    defsig_fpe_inner.o(.text) refers to defsig_general.o(.text) for __default_signal_display
    defsig_rtred_inner.o(.text) refers to defsig_general.o(.text) for __default_signal_display
    defsig_stak_inner.o(.text) refers to defsig_general.o(.text) for __default_signal_display
    defsig_pvfn_inner.o(.text) refers to defsig_general.o(.text) for __default_signal_display
    defsig_cppl_inner.o(.text) refers to defsig_general.o(.text) for __default_signal_display
    defsig_segv_inner.o(.text) refers to defsig_general.o(.text) for __default_signal_display
    defsig_other.o(.text) refers to defsig_general.o(.text) for __default_signal_display


==============================================================================

Removing Unused input sections from the image.

    Removing adc.o(.text), (0 bytes).
    Removing adc.o(.ARM.exidx.text.ADC_Init), (8 bytes).
    Removing adc.o(.ARM.exidx.text.ADC_ReadRaw), (8 bytes).
    Removing dht22.o(.text), (0 bytes).
    Removing dht22.o(.ARM.exidx.text.DHT22_Init), (8 bytes).
    Removing dht22.o(.ARM.exidx.text.PA7_Input_PullUp), (8 bytes).
    Removing dht22.o(.ARM.exidx.text.DHT22_Read), (8 bytes).
    Removing dht22.o(.ARM.exidx.text.ClearData), (8 bytes).
    Removing dht22.o(.ARM.exidx.text.PA7_Output_Low), (8 bytes).
    Removing dht22.o(.ARM.exidx.text.PA7_Output_High), (8 bytes).
    Removing dht22.o(.ARM.exidx.text.WaitForLevel), (8 bytes).
    Removing dht22.o(.ARM.exidx.text.DHT22_GetHumidity), (8 bytes).
    Removing dht22.o(.ARM.exidx.text.DHT22_GetTemperature), (8 bytes).
    Removing dht22.o(.ARM.exidx.text.PA7_Read), (8 bytes).
    Removing gpio.o(.text), (0 bytes).
    Removing gpio.o(.ARM.exidx.text.GPIO_init), (8 bytes).
    Removing led_blink.o(.text), (0 bytes).
    Removing led_blink.o(.ARM.exidx.text.LedBlink_Init), (8 bytes).
    Removing led_blink.o(.ARM.exidx.text.__NVIC_SetPriority), (8 bytes).
    Removing led_blink.o(.ARM.exidx.text.__NVIC_EnableIRQ), (8 bytes).
    Removing main.o(.text), (0 bytes).
    Removing main.o(.ARM.exidx.text.calc_checksum), (8 bytes).
    Removing main.o(.ARM.exidx.text.send_packet), (8 bytes).
    Removing main.o(.ARM.exidx.text.send_ack), (8 bytes).
    Removing main.o(.ARM.exidx.text.send_nack_with_error), (8 bytes).
    Removing main.o(.ARM.exidx.text.Airing_control), (8 bytes).
    Removing main.o(.ARM.exidx.text.makeSteps), (8 bytes).
    Removing main.o(.ARM.exidx.text.runStepProfile), (8 bytes).
    Removing main.o(.ARM.exidx.text.read_message), (8 bytes).
    Removing main.o(.text.loopback_message), (74 bytes).
    Removing main.o(.ARM.exidx.text.loopback_message), (8 bytes).
    Removing main.o(.ARM.exidx.text.main), (8 bytes).
    Removing main.o(.ARM.exidx.text.TIM4_IRQHandler), (8 bytes).
    Removing main.o(.ARM.exidx.text.USART1_IRQHandler), (8 bytes).
    Removing main.o(.ARM.exidx.text.doStepVar), (8 bytes).
    Removing main.o(.rodata..L__const.read_message.err), (1 bytes).
    Removing main.o(.rodata..L__const.read_message.err.1), (1 bytes).
    Removing main.o(.rodata..L__const.read_message.err.2), (1 bytes).
    Removing main.o(.rodata..L__const.read_message.err.3), (1 bytes).
    Removing main.o(.rodata..L__const.read_message.err.4), (1 bytes).
    Removing main.o(.rodata..L__const.read_message.err.5), (1 bytes).
    Removing main.o(.bss.msg_tx), (105 bytes).
    Removing main.o(.ARM.use_no_argv), (4 bytes).
    Removing pwm.o(.text), (0 bytes).
    Removing pwm.o(.ARM.exidx.text.PWM_Init), (8 bytes).
    Removing pwm.o(.ARM.exidx.text.PWM_SetPulseWidth), (8 bytes).
    Removing pwm.o(.text.PWM_SetDutyPercent), (68 bytes).
    Removing pwm.o(.ARM.exidx.text.PWM_SetDutyPercent), (8 bytes).
    Removing pwm.o(.ARM.exidx.text.PWM_Enable), (8 bytes).
    Removing pwm.o(.text.PWM_Disable), (18 bytes).
    Removing pwm.o(.ARM.exidx.text.PWM_Disable), (8 bytes).
    Removing rcc.o(.text), (0 bytes).
    Removing rcc.o(.ARM.exidx.text.ClockInit), (8 bytes).
    Removing rcc.o(.text.delayMicroseconds), (30 bytes).
    Removing rcc.o(.ARM.exidx.text.delayMicroseconds), (8 bytes).
    Removing rcc.o(.ARM.exidx.text.delay), (8 bytes).
    Removing rcc.o(.ARM.exidx.text.MicroTimer_Init), (8 bytes).
    Removing rcc.o(.ARM.exidx.text.getMicros), (8 bytes).
    Removing usart1.o(.text), (0 bytes).
    Removing usart1.o(.ARM.exidx.text.USART1_Init), (8 bytes).
    Removing usart1.o(.ARM.exidx.text.__NVIC_EnableIRQ), (8 bytes).
    Removing usart1.o(.ARM.exidx.text.__NVIC_SetPriority), (8 bytes).
    Removing usart1.o(.ARM.exidx.text.USART1_SendArray), (8 bytes).
    Removing system_stm32f4xx.o(.text), (0 bytes).
    Removing system_stm32f4xx.o(.ARM.exidx.text.SystemInit), (8 bytes).
    Removing system_stm32f4xx.o(.text.SystemCoreClockUpdate), (302 bytes).
    Removing system_stm32f4xx.o(.ARM.exidx.text.SystemCoreClockUpdate), (8 bytes).
    Removing system_stm32f4xx.o(.data.SystemCoreClock), (4 bytes).
    Removing system_stm32f4xx.o(.rodata.AHBPrescTable), (16 bytes).

69 unused section(s) (total 987 bytes) removed from the image.

==============================================================================

Image Symbol Table

    Local Symbols

    Symbol Name                              Value     Ov Type        Size  Object(Section)

    ../clib/angel/boardlib.s                 0x00000000   Number         0  boardinit1.o ABSOLUTE
    ../clib/angel/boardlib.s                 0x00000000   Number         0  boardinit2.o ABSOLUTE
    ../clib/angel/boardlib.s                 0x00000000   Number         0  boardinit3.o ABSOLUTE
    ../clib/angel/boardlib.s                 0x00000000   Number         0  boardshut.o ABSOLUTE
    ../clib/angel/handlers.s                 0x00000000   Number         0  __scatter_zi.o ABSOLUTE
    ../clib/angel/kernel.s                   0x00000000   Number         0  __rtentry.o ABSOLUTE
    ../clib/angel/kernel.s                   0x00000000   Number         0  __rtentry2.o ABSOLUTE
    ../clib/angel/kernel.s                   0x00000000   Number         0  __rtentry4.o ABSOLUTE
    ../clib/angel/kernel.s                   0x00000000   Number         0  rtexit.o ABSOLUTE
    ../clib/angel/kernel.s                   0x00000000   Number         0  rtexit2.o ABSOLUTE
    ../clib/angel/rt.s                       0x00000000   Number         0  rt_raise.o ABSOLUTE
    ../clib/angel/scatter.s                  0x00000000   Number         0  __scatter.o ABSOLUTE
    ../clib/angel/startup.s                  0x00000000   Number         0  __main.o ABSOLUTE
    ../clib/angel/sys.s                      0x00000000   Number         0  sys_stackheap_outer.o ABSOLUTE
    ../clib/angel/sys.s                      0x00000000   Number         0  libspace.o ABSOLUTE
    ../clib/angel/sys.s                      0x00000000   Number         0  use_no_semi.o ABSOLUTE
    ../clib/angel/sys.s                      0x00000000   Number         0  indicate_semi.o ABSOLUTE
    ../clib/angel/sysapp.c                   0x00000000   Number         0  sys_exit.o ABSOLUTE
    ../clib/angel/sysapp.c                   0x00000000   Number         0  sys_exit_hlt.o ABSOLUTE
    ../clib/angel/sysapp.c                   0x00000000   Number         0  sys_command.o ABSOLUTE
    ../clib/angel/sysapp.c                   0x00000000   Number         0  sys_command_hlt.o ABSOLUTE
    ../clib/angel/sysapp.c                   0x00000000   Number         0  sys_wrch.o ABSOLUTE
    ../clib/angel/sysapp.c                   0x00000000   Number         0  sys_wrch_hlt.o ABSOLUTE
    ../clib/armsys.c                         0x00000000   Number         0  argv_veneer.o ABSOLUTE
    ../clib/armsys.c                         0x00000000   Number         0  argv_veneer.o ABSOLUTE
    ../clib/armsys.c                         0x00000000   Number         0  _get_argv_nomalloc.o ABSOLUTE
    ../clib/armsys.c                         0x00000000   Number         0  no_argv.o ABSOLUTE
    ../clib/heapalloc.c                      0x00000000   Number         0  hrguard.o ABSOLUTE
    ../clib/heapaux.c                        0x00000000   Number         0  heapauxi.o ABSOLUTE
    ../clib/libinit.s                        0x00000000   Number         0  libinit.o ABSOLUTE
    ../clib/libinit.s                        0x00000000   Number         0  libinit2.o ABSOLUTE
    ../clib/libinit.s                        0x00000000   Number         0  libshutdown.o ABSOLUTE
    ../clib/libinit.s                        0x00000000   Number         0  libshutdown2.o ABSOLUTE
    ../clib/signal.c                         0x00000000   Number         0  defsig_rtmem_outer.o ABSOLUTE
    ../clib/signal.c                         0x00000000   Number         0  defsig_rtmem_formal.o ABSOLUTE
    ../clib/signal.c                         0x00000000   Number         0  defsig_exit.o ABSOLUTE
    ../clib/signal.c                         0x00000000   Number         0  defsig_rtmem_inner.o ABSOLUTE
    ../clib/signal.c                         0x00000000   Number         0  __raise.o ABSOLUTE
    ../clib/signal.c                         0x00000000   Number         0  defsig_general.o ABSOLUTE
    ../clib/signal.c                         0x00000000   Number         0  defsig_abrt_inner.o ABSOLUTE
    ../clib/signal.c                         0x00000000   Number         0  defsig_fpe_inner.o ABSOLUTE
    ../clib/signal.c                         0x00000000   Number         0  defsig_rtred_inner.o ABSOLUTE
    ../clib/signal.c                         0x00000000   Number         0  defsig_stak_inner.o ABSOLUTE
    ../clib/signal.c                         0x00000000   Number         0  defsig_pvfn_inner.o ABSOLUTE
    ../clib/signal.c                         0x00000000   Number         0  defsig_cppl_inner.o ABSOLUTE
    ../clib/signal.c                         0x00000000   Number         0  defsig_segv_inner.o ABSOLUTE
    ../clib/signal.c                         0x00000000   Number         0  defsig_other.o ABSOLUTE
    ../clib/signal.s                         0x00000000   Number         0  defsig.o ABSOLUTE
    ../clib/stdlib.c                         0x00000000   Number         0  exit.o ABSOLUTE
    ../fplib/fpinit.s                        0x00000000   Number         0  fpinit.o ABSOLUTE
    RTE/Device/STM32F401RBTx/startup_stm32f401xc.s 0x00000000   Number         0  startup_stm32f401xc.o ABSOLUTE
    adc.c                                    0x00000000   Number         0  adc.o ABSOLUTE
    dc.s                                     0x00000000   Number         0  dc.o ABSOLUTE
    dht22.c                                  0x00000000   Number         0  dht22.o ABSOLUTE
    gpio.c                                   0x00000000   Number         0  gpio.o ABSOLUTE
    led_blink.c                              0x00000000   Number         0  led_blink.o ABSOLUTE
    main.c                                   0x00000000   Number         0  main.o ABSOLUTE
    pwm.c                                    0x00000000   Number         0  pwm.o ABSOLUTE
    rcc.c                                    0x00000000   Number         0  rcc.o ABSOLUTE
    system_stm32f4xx.c                       0x00000000   Number         0  system_stm32f4xx.o ABSOLUTE
    usart1.c                                 0x00000000   Number         0  usart1.o ABSOLUTE
    RESET                                    0x08000000   Section      404  startup_stm32f401xc.o(RESET)
    !!!main                                  0x08000194   Section        8  __main.o(!!!main)
    !!!scatter                               0x0800019c   Section       52  __scatter.o(!!!scatter)
    !!handler_zi                             0x080001d0   Section       28  __scatter_zi.o(!!handler_zi)
    .ARM.Collect$$libinit$$00000000          0x080001ec   Section        2  libinit.o(.ARM.Collect$$libinit$$00000000)
    .ARM.Collect$$libinit$$00000001          0x080001ee   Section        4  libinit2.o(.ARM.Collect$$libinit$$00000001)
    .ARM.Collect$$libinit$$00000004          0x080001f2   Section        0  libinit2.o(.ARM.Collect$$libinit$$00000004)
    .ARM.Collect$$libinit$$00000006          0x080001f2   Section        0  libinit2.o(.ARM.Collect$$libinit$$00000006)
    .ARM.Collect$$libinit$$0000000C          0x080001f2   Section        0  libinit2.o(.ARM.Collect$$libinit$$0000000C)
    .ARM.Collect$$libinit$$0000000E          0x080001f2   Section        0  libinit2.o(.ARM.Collect$$libinit$$0000000E)
    .ARM.Collect$$libinit$$00000010          0x080001f2   Section        0  libinit2.o(.ARM.Collect$$libinit$$00000010)
    .ARM.Collect$$libinit$$00000013          0x080001f2   Section        0  libinit2.o(.ARM.Collect$$libinit$$00000013)
    .ARM.Collect$$libinit$$00000015          0x080001f2   Section        0  libinit2.o(.ARM.Collect$$libinit$$00000015)
    .ARM.Collect$$libinit$$00000017          0x080001f2   Section        0  libinit2.o(.ARM.Collect$$libinit$$00000017)
    .ARM.Collect$$libinit$$00000019          0x080001f2   Section        0  libinit2.o(.ARM.Collect$$libinit$$00000019)
    .ARM.Collect$$libinit$$0000001B          0x080001f2   Section        0  libinit2.o(.ARM.Collect$$libinit$$0000001B)
    .ARM.Collect$$libinit$$0000001D          0x080001f2   Section        0  libinit2.o(.ARM.Collect$$libinit$$0000001D)
    .ARM.Collect$$libinit$$0000001F          0x080001f2   Section        0  libinit2.o(.ARM.Collect$$libinit$$0000001F)
    .ARM.Collect$$libinit$$00000021          0x080001f2   Section        0  libinit2.o(.ARM.Collect$$libinit$$00000021)
    .ARM.Collect$$libinit$$00000023          0x080001f2   Section        0  libinit2.o(.ARM.Collect$$libinit$$00000023)
    .ARM.Collect$$libinit$$00000025          0x080001f2   Section        0  libinit2.o(.ARM.Collect$$libinit$$00000025)
    .ARM.Collect$$libinit$$00000027          0x080001f2   Section        0  libinit2.o(.ARM.Collect$$libinit$$00000027)
    .ARM.Collect$$libinit$$0000002E          0x080001f2   Section        0  libinit2.o(.ARM.Collect$$libinit$$0000002E)
    .ARM.Collect$$libinit$$00000030          0x080001f2   Section        0  libinit2.o(.ARM.Collect$$libinit$$00000030)
    .ARM.Collect$$libinit$$00000032          0x080001f2   Section        0  libinit2.o(.ARM.Collect$$libinit$$00000032)
    .ARM.Collect$$libinit$$00000034          0x080001f2   Section        0  libinit2.o(.ARM.Collect$$libinit$$00000034)
    .ARM.Collect$$libinit$$00000035          0x080001f2   Section        2  libinit2.o(.ARM.Collect$$libinit$$00000035)
    .ARM.Collect$$libshutdown$$00000000      0x080001f4   Section        2  libshutdown.o(.ARM.Collect$$libshutdown$$00000000)
    .ARM.Collect$$libshutdown$$00000002      0x080001f6   Section        0  libshutdown2.o(.ARM.Collect$$libshutdown$$00000002)
    .ARM.Collect$$libshutdown$$00000004      0x080001f6   Section        0  libshutdown2.o(.ARM.Collect$$libshutdown$$00000004)
    .ARM.Collect$$libshutdown$$00000007      0x080001f6   Section        0  libshutdown2.o(.ARM.Collect$$libshutdown$$00000007)
    .ARM.Collect$$libshutdown$$0000000A      0x080001f6   Section        0  libshutdown2.o(.ARM.Collect$$libshutdown$$0000000A)
    .ARM.Collect$$libshutdown$$0000000C      0x080001f6   Section        0  libshutdown2.o(.ARM.Collect$$libshutdown$$0000000C)
    .ARM.Collect$$libshutdown$$0000000F      0x080001f6   Section        0  libshutdown2.o(.ARM.Collect$$libshutdown$$0000000F)
    .ARM.Collect$$libshutdown$$00000010      0x080001f6   Section        2  libshutdown2.o(.ARM.Collect$$libshutdown$$00000010)
    .ARM.Collect$$rtentry$$00000000          0x080001f8   Section        0  __rtentry.o(.ARM.Collect$$rtentry$$00000000)
    .ARM.Collect$$rtentry$$00000002          0x080001f8   Section        0  __rtentry2.o(.ARM.Collect$$rtentry$$00000002)
    .ARM.Collect$$rtentry$$00000004          0x080001f8   Section        6  __rtentry4.o(.ARM.Collect$$rtentry$$00000004)
    .ARM.Collect$$rtentry$$00000009          0x080001fe   Section        0  __rtentry2.o(.ARM.Collect$$rtentry$$00000009)
    .ARM.Collect$$rtentry$$0000000A          0x080001fe   Section        4  __rtentry2.o(.ARM.Collect$$rtentry$$0000000A)
    .ARM.Collect$$rtentry$$0000000C          0x08000202   Section        0  __rtentry2.o(.ARM.Collect$$rtentry$$0000000C)
    .ARM.Collect$$rtentry$$0000000D          0x08000202   Section        8  __rtentry2.o(.ARM.Collect$$rtentry$$0000000D)
    .ARM.Collect$$rtexit$$00000000           0x0800020a   Section        2  rtexit.o(.ARM.Collect$$rtexit$$00000000)
    .ARM.Collect$$rtexit$$00000002           0x0800020c   Section        0  rtexit2.o(.ARM.Collect$$rtexit$$00000002)
    .ARM.Collect$$rtexit$$00000003           0x0800020c   Section        4  rtexit2.o(.ARM.Collect$$rtexit$$00000003)
    .ARM.Collect$$rtexit$$00000004           0x08000210   Section        6  rtexit2.o(.ARM.Collect$$rtexit$$00000004)
    $v0                                      0x08000218   Number         0  startup_stm32f401xc.o(.text)
    .text                                    0x08000218   Section       64  startup_stm32f401xc.o(.text)
    .text                                    0x08000258   Section        0  heapauxi.o(.text)
    .text                                    0x0800025e   Section       74  sys_stackheap_outer.o(.text)
    .text                                    0x080002a8   Section        0  exit.o(.text)
    .text                                    0x080002bc   Section        8  libspace.o(.text)
    .text                                    0x080002c4   Section        0  sys_exit.o(.text)
    .text                                    0x080002d0   Section        2  use_no_semi.o(.text)
    .text                                    0x080002d2   Section        0  indicate_semi.o(.text)
    [Anonymous Symbol]                       0x080002d4   Section        0  adc.o(.text.ADC_Init)
    [Anonymous Symbol]                       0x0800038c   Section        0  adc.o(.text.ADC_ReadRaw)
    [Anonymous Symbol]                       0x080003c4   Section        0  main.o(.text.Airing_control)
    ClearData                                0x080004b1   Thumb Code    30  dht22.o(.text.ClearData)
    [Anonymous Symbol]                       0x080004b0   Section        0  dht22.o(.text.ClearData)
    [Anonymous Symbol]                       0x080004d0   Section        0  rcc.o(.text.ClockInit)
    [Anonymous Symbol]                       0x08000668   Section        0  dht22.o(.text.DHT22_GetHumidity)
    [Anonymous Symbol]                       0x080006c0   Section        0  dht22.o(.text.DHT22_GetTemperature)
    [Anonymous Symbol]                       0x08000738   Section        0  dht22.o(.text.DHT22_Init)
    [Anonymous Symbol]                       0x08000750   Section        0  dht22.o(.text.DHT22_Read)
    [Anonymous Symbol]                       0x080008ec   Section        0  gpio.o(.text.GPIO_init)
    [Anonymous Symbol]                       0x080009bc   Section        0  led_blink.o(.text.LedBlink_Init)
    [Anonymous Symbol]                       0x08000a20   Section        0  rcc.o(.text.MicroTimer_Init)
    PA7_Input_PullUp                         0x08000a65   Thumb Code    38  dht22.o(.text.PA7_Input_PullUp)
    [Anonymous Symbol]                       0x08000a64   Section        0  dht22.o(.text.PA7_Input_PullUp)
    PA7_Output_High                          0x08000a8d   Thumb Code    38  dht22.o(.text.PA7_Output_High)
    [Anonymous Symbol]                       0x08000a8c   Section        0  dht22.o(.text.PA7_Output_High)
    PA7_Output_Low                           0x08000ab5   Thumb Code    38  dht22.o(.text.PA7_Output_Low)
    [Anonymous Symbol]                       0x08000ab4   Section        0  dht22.o(.text.PA7_Output_Low)
    PA7_Read                                 0x08000add   Thumb Code    14  dht22.o(.text.PA7_Read)
    [Anonymous Symbol]                       0x08000adc   Section        0  dht22.o(.text.PA7_Read)
    [Anonymous Symbol]                       0x08000aec   Section        0  pwm.o(.text.PWM_Enable)
    [Anonymous Symbol]                       0x08000b00   Section        0  pwm.o(.text.PWM_Init)
    [Anonymous Symbol]                       0x08000bf0   Section        0  pwm.o(.text.PWM_SetPulseWidth)
    [Anonymous Symbol]                       0x08000c34   Section        0  system_stm32f4xx.o(.text.SystemInit)
    [Anonymous Symbol]                       0x08000ca4   Section        0  main.o(.text.TIM4_IRQHandler)
    [Anonymous Symbol]                       0x08000cd8   Section        0  main.o(.text.USART1_IRQHandler)
    [Anonymous Symbol]                       0x08000edc   Section        0  usart1.o(.text.USART1_Init)
    [Anonymous Symbol]                       0x08000f60   Section        0  usart1.o(.text.USART1_SendArray)
    WaitForLevel                             0x08000fd9   Thumb Code    74  dht22.o(.text.WaitForLevel)
    [Anonymous Symbol]                       0x08000fd8   Section        0  dht22.o(.text.WaitForLevel)
    __NVIC_EnableIRQ                         0x08001025   Thumb Code    48  led_blink.o(.text.__NVIC_EnableIRQ)
    [Anonymous Symbol]                       0x08001024   Section        0  led_blink.o(.text.__NVIC_EnableIRQ)
    __NVIC_EnableIRQ                         0x08001055   Thumb Code    48  usart1.o(.text.__NVIC_EnableIRQ)
    [Anonymous Symbol]                       0x08001054   Section        0  usart1.o(.text.__NVIC_EnableIRQ)
    __NVIC_SetPriority                       0x08001085   Thumb Code    66  led_blink.o(.text.__NVIC_SetPriority)
    [Anonymous Symbol]                       0x08001084   Section        0  led_blink.o(.text.__NVIC_SetPriority)
    __NVIC_SetPriority                       0x080010c9   Thumb Code    66  usart1.o(.text.__NVIC_SetPriority)
    [Anonymous Symbol]                       0x080010c8   Section        0  usart1.o(.text.__NVIC_SetPriority)
    [Anonymous Symbol]                       0x0800110c   Section        0  main.o(.text.calc_checksum)
    [Anonymous Symbol]                       0x08001160   Section        0  rcc.o(.text.delay)
    doStepVar                                0x08001181   Thumb Code   104  main.o(.text.doStepVar)
    [Anonymous Symbol]                       0x08001180   Section        0  main.o(.text.doStepVar)
    [Anonymous Symbol]                       0x080011e8   Section        0  rcc.o(.text.getMicros)
    [Anonymous Symbol]                       0x080011f4   Section        0  main.o(.text.main)
    [Anonymous Symbol]                       0x0800142c   Section        0  main.o(.text.makeSteps)
    [Anonymous Symbol]                       0x08001548   Section        0  main.o(.text.read_message)
    runStepProfile                           0x08001d51   Thumb Code   404  main.o(.text.runStepProfile)
    [Anonymous Symbol]                       0x08001d50   Section        0  main.o(.text.runStepProfile)
    [Anonymous Symbol]                       0x08001ee4   Section        0  main.o(.text.send_ack)
    [Anonymous Symbol]                       0x08001ef4   Section        0  main.o(.text.send_nack_with_error)
    [Anonymous Symbol]                       0x08001f20   Section        0  main.o(.text.send_packet)
    $v0                                      0x08001fac   Number         0  fpinit.o(x$fpl$fpinit)
    x$fpl$fpinit                             0x08001fac   Section       26  fpinit.o(x$fpl$fpinit)
    .bss                                     0x20000000   Section       96  libspace.o(.bss)
    Heap_Mem                                 0x20000488   Data         512  startup_stm32f401xc.o(HEAP)
    HEAP                                     0x20000488   Section      512  startup_stm32f401xc.o(HEAP)
    Stack_Mem                                0x20000688   Data        1024  startup_stm32f401xc.o(STACK)
    STACK                                    0x20000688   Section     1024  startup_stm32f401xc.o(STACK)
    __initial_sp                             0x20000a88   Data           0  startup_stm32f401xc.o(STACK)

    Global Symbols

    Symbol Name                              Value     Ov Type        Size  Object(Section)

    BuildAttributes$$THM_ISAv4$E$P$D$K$B$S$7EM$VFPi3$EXTD16$VFPS$VFMA$PE$A:L22UL41UL21$X:L11$S22US41US21$IEEE1$IW$~IW$USESV6$~STKCKD$USESV7$~SHL$OSPACE$ROPI$EBA8$UX$STANDARDLIB$REQ8$PRES8$EABIv2 0x00000000   Number         0  anon$$obj.o ABSOLUTE
    __ARM_exceptions_init                     - Undefined Weak Reference
    __alloca_initialize                       - Undefined Weak Reference
    __arm_preinit_                            - Undefined Weak Reference
    __arm_relocate_pie_                       - Undefined Weak Reference
    __cpp_initialize__aeabi_                  - Undefined Weak Reference
    __cxa_finalize                            - Undefined Weak Reference
    __rt_locale                               - Undefined Weak Reference
    __sigvec_lookup                           - Undefined Weak Reference
    _atexit_init                              - Undefined Weak Reference
    _call_atexit_fns                          - Undefined Weak Reference
    _clock_init                               - Undefined Weak Reference
    _fp_trap_init                             - Undefined Weak Reference
    _fp_trap_shutdown                         - Undefined Weak Reference
    _get_lc_collate                           - Undefined Weak Reference
    _get_lc_ctype                             - Undefined Weak Reference
    _get_lc_monetary                          - Undefined Weak Reference
    _get_lc_numeric                           - Undefined Weak Reference
    _get_lc_time                              - Undefined Weak Reference
    _getenv_init                              - Undefined Weak Reference
    _handle_redirection                       - Undefined Weak Reference
    _init_alloc                               - Undefined Weak Reference
    _init_user_alloc                          - Undefined Weak Reference
    _initio                                   - Undefined Weak Reference
    _rand_init                                - Undefined Weak Reference
    _signal_finish                            - Undefined Weak Reference
    _signal_init                              - Undefined Weak Reference
    _terminate_alloc                          - Undefined Weak Reference
    _terminate_user_alloc                     - Undefined Weak Reference
    _terminateio                              - Undefined Weak Reference
    __Vectors_Size                           0x00000194   Number         0  startup_stm32f401xc.o ABSOLUTE
    __Vectors                                0x08000000   Data           4  startup_stm32f401xc.o(RESET)
    __Vectors_End                            0x08000194   Data           0  startup_stm32f401xc.o(RESET)
    __main                                   0x08000195   Thumb Code     8  __main.o(!!!main)
    __scatterload                            0x0800019d   Thumb Code     0  __scatter.o(!!!scatter)
    __scatterload_rt2                        0x0800019d   Thumb Code    44  __scatter.o(!!!scatter)
    __scatterload_rt2_thumb_only             0x0800019d   Thumb Code     0  __scatter.o(!!!scatter)
    __scatterload_null                       0x080001ab   Thumb Code     0  __scatter.o(!!!scatter)
    __scatterload_zeroinit                   0x080001d1   Thumb Code    28  __scatter_zi.o(!!handler_zi)
    __rt_lib_init                            0x080001ed   Thumb Code     0  libinit.o(.ARM.Collect$$libinit$$00000000)
    __rt_lib_init_fp_1                       0x080001ef   Thumb Code     0  libinit2.o(.ARM.Collect$$libinit$$00000001)
    __rt_lib_init_alloca_1                   0x080001f3   Thumb Code     0  libinit2.o(.ARM.Collect$$libinit$$00000030)
    __rt_lib_init_argv_1                     0x080001f3   Thumb Code     0  libinit2.o(.ARM.Collect$$libinit$$0000002E)
    __rt_lib_init_atexit_1                   0x080001f3   Thumb Code     0  libinit2.o(.ARM.Collect$$libinit$$0000001D)
    __rt_lib_init_clock_1                    0x080001f3   Thumb Code     0  libinit2.o(.ARM.Collect$$libinit$$00000023)
    __rt_lib_init_cpp_1                      0x080001f3   Thumb Code     0  libinit2.o(.ARM.Collect$$libinit$$00000034)
    __rt_lib_init_exceptions_1               0x080001f3   Thumb Code     0  libinit2.o(.ARM.Collect$$libinit$$00000032)
    __rt_lib_init_fp_trap_1                  0x080001f3   Thumb Code     0  libinit2.o(.ARM.Collect$$libinit$$00000021)
    __rt_lib_init_getenv_1                   0x080001f3   Thumb Code     0  libinit2.o(.ARM.Collect$$libinit$$00000025)
    __rt_lib_init_heap_1                     0x080001f3   Thumb Code     0  libinit2.o(.ARM.Collect$$libinit$$0000000C)
    __rt_lib_init_lc_collate_1               0x080001f3   Thumb Code     0  libinit2.o(.ARM.Collect$$libinit$$00000013)
    __rt_lib_init_lc_ctype_1                 0x080001f3   Thumb Code     0  libinit2.o(.ARM.Collect$$libinit$$00000015)
    __rt_lib_init_lc_monetary_1              0x080001f3   Thumb Code     0  libinit2.o(.ARM.Collect$$libinit$$00000017)
    __rt_lib_init_lc_numeric_1               0x080001f3   Thumb Code     0  libinit2.o(.ARM.Collect$$libinit$$00000019)
    __rt_lib_init_lc_time_1                  0x080001f3   Thumb Code     0  libinit2.o(.ARM.Collect$$libinit$$0000001B)
    __rt_lib_init_preinit_1                  0x080001f3   Thumb Code     0  libinit2.o(.ARM.Collect$$libinit$$00000006)
    __rt_lib_init_rand_1                     0x080001f3   Thumb Code     0  libinit2.o(.ARM.Collect$$libinit$$00000010)
    __rt_lib_init_relocate_pie_1             0x080001f3   Thumb Code     0  libinit2.o(.ARM.Collect$$libinit$$00000004)
    __rt_lib_init_return                     0x080001f3   Thumb Code     0  libinit2.o(.ARM.Collect$$libinit$$00000035)
    __rt_lib_init_signal_1                   0x080001f3   Thumb Code     0  libinit2.o(.ARM.Collect$$libinit$$0000001F)
    __rt_lib_init_stdio_1                    0x080001f3   Thumb Code     0  libinit2.o(.ARM.Collect$$libinit$$00000027)
    __rt_lib_init_user_alloc_1               0x080001f3   Thumb Code     0  libinit2.o(.ARM.Collect$$libinit$$0000000E)
    __rt_lib_shutdown                        0x080001f5   Thumb Code     0  libshutdown.o(.ARM.Collect$$libshutdown$$00000000)
    __rt_lib_shutdown_cpp_1                  0x080001f7   Thumb Code     0  libshutdown2.o(.ARM.Collect$$libshutdown$$00000002)
    __rt_lib_shutdown_fp_trap_1              0x080001f7   Thumb Code     0  libshutdown2.o(.ARM.Collect$$libshutdown$$00000007)
    __rt_lib_shutdown_heap_1                 0x080001f7   Thumb Code     0  libshutdown2.o(.ARM.Collect$$libshutdown$$0000000F)
    __rt_lib_shutdown_return                 0x080001f7   Thumb Code     0  libshutdown2.o(.ARM.Collect$$libshutdown$$00000010)
    __rt_lib_shutdown_signal_1               0x080001f7   Thumb Code     0  libshutdown2.o(.ARM.Collect$$libshutdown$$0000000A)
    __rt_lib_shutdown_stdio_1                0x080001f7   Thumb Code     0  libshutdown2.o(.ARM.Collect$$libshutdown$$00000004)
    __rt_lib_shutdown_user_alloc_1           0x080001f7   Thumb Code     0  libshutdown2.o(.ARM.Collect$$libshutdown$$0000000C)
    __rt_entry                               0x080001f9   Thumb Code     0  __rtentry.o(.ARM.Collect$$rtentry$$00000000)
    __rt_entry_presh_1                       0x080001f9   Thumb Code     0  __rtentry2.o(.ARM.Collect$$rtentry$$00000002)
    __rt_entry_sh                            0x080001f9   Thumb Code     0  __rtentry4.o(.ARM.Collect$$rtentry$$00000004)
    __rt_entry_li                            0x080001ff   Thumb Code     0  __rtentry2.o(.ARM.Collect$$rtentry$$0000000A)
    __rt_entry_postsh_1                      0x080001ff   Thumb Code     0  __rtentry2.o(.ARM.Collect$$rtentry$$00000009)
    __rt_entry_main                          0x08000203   Thumb Code     0  __rtentry2.o(.ARM.Collect$$rtentry$$0000000D)
    __rt_entry_postli_1                      0x08000203   Thumb Code     0  __rtentry2.o(.ARM.Collect$$rtentry$$0000000C)
    __rt_exit                                0x0800020b   Thumb Code     0  rtexit.o(.ARM.Collect$$rtexit$$00000000)
    __rt_exit_ls                             0x0800020d   Thumb Code     0  rtexit2.o(.ARM.Collect$$rtexit$$00000003)
    __rt_exit_prels_1                        0x0800020d   Thumb Code     0  rtexit2.o(.ARM.Collect$$rtexit$$00000002)
    __rt_exit_exit                           0x08000211   Thumb Code     0  rtexit2.o(.ARM.Collect$$rtexit$$00000004)
    Reset_Handler                            0x08000219   Thumb Code     8  startup_stm32f401xc.o(.text)
    NMI_Handler                              0x08000221   Thumb Code     2  startup_stm32f401xc.o(.text)
    HardFault_Handler                        0x08000223   Thumb Code     2  startup_stm32f401xc.o(.text)
    MemManage_Handler                        0x08000225   Thumb Code     2  startup_stm32f401xc.o(.text)
    BusFault_Handler                         0x08000227   Thumb Code     2  startup_stm32f401xc.o(.text)
    UsageFault_Handler                       0x08000229   Thumb Code     2  startup_stm32f401xc.o(.text)
    SVC_Handler                              0x0800022b   Thumb Code     2  startup_stm32f401xc.o(.text)
    DebugMon_Handler                         0x0800022d   Thumb Code     2  startup_stm32f401xc.o(.text)
    PendSV_Handler                           0x0800022f   Thumb Code     2  startup_stm32f401xc.o(.text)
    SysTick_Handler                          0x08000231   Thumb Code     2  startup_stm32f401xc.o(.text)
    ADC_IRQHandler                           0x08000233   Thumb Code     0  startup_stm32f401xc.o(.text)
    DMA1_Stream0_IRQHandler                  0x08000233   Thumb Code     0  startup_stm32f401xc.o(.text)
    DMA1_Stream1_IRQHandler                  0x08000233   Thumb Code     0  startup_stm32f401xc.o(.text)
    DMA1_Stream2_IRQHandler                  0x08000233   Thumb Code     0  startup_stm32f401xc.o(.text)
    DMA1_Stream3_IRQHandler                  0x08000233   Thumb Code     0  startup_stm32f401xc.o(.text)
    DMA1_Stream4_IRQHandler                  0x08000233   Thumb Code     0  startup_stm32f401xc.o(.text)
    DMA1_Stream5_IRQHandler                  0x08000233   Thumb Code     0  startup_stm32f401xc.o(.text)
    DMA1_Stream6_IRQHandler                  0x08000233   Thumb Code     0  startup_stm32f401xc.o(.text)
    DMA1_Stream7_IRQHandler                  0x08000233   Thumb Code     0  startup_stm32f401xc.o(.text)
    DMA2_Stream0_IRQHandler                  0x08000233   Thumb Code     0  startup_stm32f401xc.o(.text)
    DMA2_Stream1_IRQHandler                  0x08000233   Thumb Code     0  startup_stm32f401xc.o(.text)
    DMA2_Stream2_IRQHandler                  0x08000233   Thumb Code     0  startup_stm32f401xc.o(.text)
    DMA2_Stream3_IRQHandler                  0x08000233   Thumb Code     0  startup_stm32f401xc.o(.text)
    DMA2_Stream4_IRQHandler                  0x08000233   Thumb Code     0  startup_stm32f401xc.o(.text)
    DMA2_Stream5_IRQHandler                  0x08000233   Thumb Code     0  startup_stm32f401xc.o(.text)
    DMA2_Stream6_IRQHandler                  0x08000233   Thumb Code     0  startup_stm32f401xc.o(.text)
    DMA2_Stream7_IRQHandler                  0x08000233   Thumb Code     0  startup_stm32f401xc.o(.text)
    EXTI0_IRQHandler                         0x08000233   Thumb Code     0  startup_stm32f401xc.o(.text)
    EXTI15_10_IRQHandler                     0x08000233   Thumb Code     0  startup_stm32f401xc.o(.text)
    EXTI1_IRQHandler                         0x08000233   Thumb Code     0  startup_stm32f401xc.o(.text)
    EXTI2_IRQHandler                         0x08000233   Thumb Code     0  startup_stm32f401xc.o(.text)
    EXTI3_IRQHandler                         0x08000233   Thumb Code     0  startup_stm32f401xc.o(.text)
    EXTI4_IRQHandler                         0x08000233   Thumb Code     0  startup_stm32f401xc.o(.text)
    EXTI9_5_IRQHandler                       0x08000233   Thumb Code     0  startup_stm32f401xc.o(.text)
    FLASH_IRQHandler                         0x08000233   Thumb Code     0  startup_stm32f401xc.o(.text)
    FPU_IRQHandler                           0x08000233   Thumb Code     0  startup_stm32f401xc.o(.text)
    I2C1_ER_IRQHandler                       0x08000233   Thumb Code     0  startup_stm32f401xc.o(.text)
    I2C1_EV_IRQHandler                       0x08000233   Thumb Code     0  startup_stm32f401xc.o(.text)
    I2C2_ER_IRQHandler                       0x08000233   Thumb Code     0  startup_stm32f401xc.o(.text)
    I2C2_EV_IRQHandler                       0x08000233   Thumb Code     0  startup_stm32f401xc.o(.text)
    I2C3_ER_IRQHandler                       0x08000233   Thumb Code     0  startup_stm32f401xc.o(.text)
    I2C3_EV_IRQHandler                       0x08000233   Thumb Code     0  startup_stm32f401xc.o(.text)
    OTG_FS_IRQHandler                        0x08000233   Thumb Code     0  startup_stm32f401xc.o(.text)
    OTG_FS_WKUP_IRQHandler                   0x08000233   Thumb Code     0  startup_stm32f401xc.o(.text)
    PVD_IRQHandler                           0x08000233   Thumb Code     0  startup_stm32f401xc.o(.text)
    RCC_IRQHandler                           0x08000233   Thumb Code     0  startup_stm32f401xc.o(.text)
    RTC_Alarm_IRQHandler                     0x08000233   Thumb Code     0  startup_stm32f401xc.o(.text)
    RTC_WKUP_IRQHandler                      0x08000233   Thumb Code     0  startup_stm32f401xc.o(.text)
    SDIO_IRQHandler                          0x08000233   Thumb Code     0  startup_stm32f401xc.o(.text)
    SPI1_IRQHandler                          0x08000233   Thumb Code     0  startup_stm32f401xc.o(.text)
    SPI2_IRQHandler                          0x08000233   Thumb Code     0  startup_stm32f401xc.o(.text)
    SPI3_IRQHandler                          0x08000233   Thumb Code     0  startup_stm32f401xc.o(.text)
    SPI4_IRQHandler                          0x08000233   Thumb Code     0  startup_stm32f401xc.o(.text)
    TAMP_STAMP_IRQHandler                    0x08000233   Thumb Code     0  startup_stm32f401xc.o(.text)
    TIM1_BRK_TIM9_IRQHandler                 0x08000233   Thumb Code     0  startup_stm32f401xc.o(.text)
    TIM1_CC_IRQHandler                       0x08000233   Thumb Code     0  startup_stm32f401xc.o(.text)
    TIM1_TRG_COM_TIM11_IRQHandler            0x08000233   Thumb Code     0  startup_stm32f401xc.o(.text)
    TIM1_UP_TIM10_IRQHandler                 0x08000233   Thumb Code     0  startup_stm32f401xc.o(.text)
    TIM2_IRQHandler                          0x08000233   Thumb Code     0  startup_stm32f401xc.o(.text)
    TIM3_IRQHandler                          0x08000233   Thumb Code     0  startup_stm32f401xc.o(.text)
    TIM5_IRQHandler                          0x08000233   Thumb Code     0  startup_stm32f401xc.o(.text)
    USART2_IRQHandler                        0x08000233   Thumb Code     0  startup_stm32f401xc.o(.text)
    USART6_IRQHandler                        0x08000233   Thumb Code     0  startup_stm32f401xc.o(.text)
    WWDG_IRQHandler                          0x08000233   Thumb Code     0  startup_stm32f401xc.o(.text)
    __user_initial_stackheap                 0x08000235   Thumb Code     0  startup_stm32f401xc.o(.text)
    __use_two_region_memory                  0x08000259   Thumb Code     2  heapauxi.o(.text)
    __rt_heap_escrow$2region                 0x0800025b   Thumb Code     2  heapauxi.o(.text)
    __rt_heap_expand$2region                 0x0800025d   Thumb Code     2  heapauxi.o(.text)
    __user_setup_stackheap                   0x0800025f   Thumb Code    74  sys_stackheap_outer.o(.text)
    exit                                     0x080002a9   Thumb Code    18  exit.o(.text)
    __user_libspace                          0x080002bd   Thumb Code     8  libspace.o(.text)
    __user_perproc_libspace                  0x080002bd   Thumb Code     0  libspace.o(.text)
    __user_perthread_libspace                0x080002bd   Thumb Code     0  libspace.o(.text)
    _sys_exit                                0x080002c5   Thumb Code     8  sys_exit.o(.text)
    __I$use$semihosting                      0x080002d1   Thumb Code     0  use_no_semi.o(.text)
    __use_no_semihosting_swi                 0x080002d1   Thumb Code     2  use_no_semi.o(.text)
    __semihosting_library_function           0x080002d3   Thumb Code     0  indicate_semi.o(.text)
    ADC_Init                                 0x080002d5   Thumb Code   182  adc.o(.text.ADC_Init)
    ADC_ReadRaw                              0x0800038d   Thumb Code    54  adc.o(.text.ADC_ReadRaw)
    Airing_control                           0x080003c5   Thumb Code   236  main.o(.text.Airing_control)
    ClockInit                                0x080004d1   Thumb Code   408  rcc.o(.text.ClockInit)
    DHT22_GetHumidity                        0x08000669   Thumb Code    88  dht22.o(.text.DHT22_GetHumidity)
    DHT22_GetTemperature                     0x080006c1   Thumb Code   120  dht22.o(.text.DHT22_GetTemperature)
    DHT22_Init                               0x08000739   Thumb Code    24  dht22.o(.text.DHT22_Init)
    DHT22_Read                               0x08000751   Thumb Code   412  dht22.o(.text.DHT22_Read)
    GPIO_init                                0x080008ed   Thumb Code   206  gpio.o(.text.GPIO_init)
    LedBlink_Init                            0x080009bd   Thumb Code    98  led_blink.o(.text.LedBlink_Init)
    MicroTimer_Init                          0x08000a21   Thumb Code    68  rcc.o(.text.MicroTimer_Init)
    PWM_Enable                               0x08000aed   Thumb Code    18  pwm.o(.text.PWM_Enable)
    PWM_Init                                 0x08000b01   Thumb Code   238  pwm.o(.text.PWM_Init)
    PWM_SetPulseWidth                        0x08000bf1   Thumb Code    68  pwm.o(.text.PWM_SetPulseWidth)
    SystemInit                               0x08000c35   Thumb Code   110  system_stm32f4xx.o(.text.SystemInit)
    TIM4_IRQHandler                          0x08000ca5   Thumb Code    52  main.o(.text.TIM4_IRQHandler)
    USART1_IRQHandler                        0x08000cd9   Thumb Code   516  main.o(.text.USART1_IRQHandler)
    USART1_Init                              0x08000edd   Thumb Code   130  usart1.o(.text.USART1_Init)
    USART1_SendArray                         0x08000f61   Thumb Code   120  usart1.o(.text.USART1_SendArray)
    calc_checksum                            0x0800110d   Thumb Code    82  main.o(.text.calc_checksum)
    delay                                    0x08001161   Thumb Code    32  rcc.o(.text.delay)
    getMicros                                0x080011e9   Thumb Code    10  rcc.o(.text.getMicros)
    main                                     0x080011f5   Thumb Code   568  main.o(.text.main)
    makeSteps                                0x0800142d   Thumb Code   284  main.o(.text.makeSteps)
    read_message                             0x08001549   Thumb Code  2056  main.o(.text.read_message)
    send_ack                                 0x08001ee5   Thumb Code    14  main.o(.text.send_ack)
    send_nack_with_error                     0x08001ef5   Thumb Code    42  main.o(.text.send_nack_with_error)
    send_packet                              0x08001f21   Thumb Code   140  main.o(.text.send_packet)
    _fp_init                                 0x08001fad   Thumb Code    26  fpinit.o(x$fpl$fpinit)
    __fplib_config_fpu_vfp                   0x08001fc5   Thumb Code     0  fpinit.o(x$fpl$fpinit)
    __fplib_config_pureend_doubles           0x08001fc5   Thumb Code     0  fpinit.o(x$fpl$fpinit)
    Region$$Table$$Base                      0x08001fc8   Number         0  anon$$obj.o(Region$$Table)
    Region$$Table$$Limit                     0x08001fd8   Number         0  anon$$obj.o(Region$$Table)
    __libspace_start                         0x20000000   Data          96  libspace.o(.bss)
    __temporary_stack_top$libspace           0x20000060   Data           0  libspace.o(.bss)
    emergency_stop                           0x20000060   Data           1  main.o(.bss.emergency_stop)
    isClimatic                               0x20000061   Data           1  main.o(.bss.isClimatic)
    last_byte_tick                           0x20000064   Data           4  main.o(.bss.last_byte_tick)
    last_msg_index                           0x20000068   Data           1  main.o(.bss.last_msg_index)
    msg_byte_index                           0x20000069   Data           1  main.o(.bss.msg_byte_index)
    msg_rx                                   0x2000006a   Data        1050  main.o(.bss.msg_rx)
    rx_in_progress                           0x20000484   Data           1  main.o(.bss.rx_in_progress)
    start_msg_index                          0x20000485   Data           1  main.o(.bss.start_msg_index)



==============================================================================

Memory Map of the image

  Image Entry point : 0x08000219

  Load Region LR_1 (Base: 0x08000000, Size: 0x00001fd8, Max: 0xffffffff, ABSOLUTE)

    Execution Region ER_RO (Exec base: 0x08000000, Load base: 0x08000000, Size: 0x00001fd8, Max: 0xffffffff, ABSOLUTE)

    Exec Addr    Load Addr    Size         Type   Attr      Idx    E Section Name        Object

    0x08000000   0x08000000   0x00000194   Data   RO          160    RESET               startup_stm32f401xc.o
    0x08000194   0x08000194   0x00000008   Code   RO          184  * !!!main             c_w.l(__main.o)
    0x0800019c   0x0800019c   0x00000034   Code   RO          349    !!!scatter          c_w.l(__scatter.o)
    0x080001d0   0x080001d0   0x0000001c   Code   RO          351    !!handler_zi        c_w.l(__scatter_zi.o)
    0x080001ec   0x080001ec   0x00000002   Code   RO          211    .ARM.Collect$$libinit$$00000000  c_w.l(libinit.o)
    0x080001ee   0x080001ee   0x00000004   Code   RO          217    .ARM.Collect$$libinit$$00000001  c_w.l(libinit2.o)
    0x080001f2   0x080001f2   0x00000000   Code   RO          220    .ARM.Collect$$libinit$$00000004  c_w.l(libinit2.o)
    0x080001f2   0x080001f2   0x00000000   Code   RO          222    .ARM.Collect$$libinit$$00000006  c_w.l(libinit2.o)
    0x080001f2   0x080001f2   0x00000000   Code   RO          225    .ARM.Collect$$libinit$$0000000C  c_w.l(libinit2.o)
    0x080001f2   0x080001f2   0x00000000   Code   RO          227    .ARM.Collect$$libinit$$0000000E  c_w.l(libinit2.o)
    0x080001f2   0x080001f2   0x00000000   Code   RO          229    .ARM.Collect$$libinit$$00000010  c_w.l(libinit2.o)
    0x080001f2   0x080001f2   0x00000000   Code   RO          232    .ARM.Collect$$libinit$$00000013  c_w.l(libinit2.o)
    0x080001f2   0x080001f2   0x00000000   Code   RO          234    .ARM.Collect$$libinit$$00000015  c_w.l(libinit2.o)
    0x080001f2   0x080001f2   0x00000000   Code   RO          236    .ARM.Collect$$libinit$$00000017  c_w.l(libinit2.o)
    0x080001f2   0x080001f2   0x00000000   Code   RO          238    .ARM.Collect$$libinit$$00000019  c_w.l(libinit2.o)
    0x080001f2   0x080001f2   0x00000000   Code   RO          240    .ARM.Collect$$libinit$$0000001B  c_w.l(libinit2.o)
    0x080001f2   0x080001f2   0x00000000   Code   RO          242    .ARM.Collect$$libinit$$0000001D  c_w.l(libinit2.o)
    0x080001f2   0x080001f2   0x00000000   Code   RO          244    .ARM.Collect$$libinit$$0000001F  c_w.l(libinit2.o)
    0x080001f2   0x080001f2   0x00000000   Code   RO          246    .ARM.Collect$$libinit$$00000021  c_w.l(libinit2.o)
    0x080001f2   0x080001f2   0x00000000   Code   RO          248    .ARM.Collect$$libinit$$00000023  c_w.l(libinit2.o)
    0x080001f2   0x080001f2   0x00000000   Code   RO          250    .ARM.Collect$$libinit$$00000025  c_w.l(libinit2.o)
    0x080001f2   0x080001f2   0x00000000   Code   RO          252    .ARM.Collect$$libinit$$00000027  c_w.l(libinit2.o)
    0x080001f2   0x080001f2   0x00000000   Code   RO          256    .ARM.Collect$$libinit$$0000002E  c_w.l(libinit2.o)
    0x080001f2   0x080001f2   0x00000000   Code   RO          258    .ARM.Collect$$libinit$$00000030  c_w.l(libinit2.o)
    0x080001f2   0x080001f2   0x00000000   Code   RO          260    .ARM.Collect$$libinit$$00000032  c_w.l(libinit2.o)
    0x080001f2   0x080001f2   0x00000000   Code   RO          262    .ARM.Collect$$libinit$$00000034  c_w.l(libinit2.o)
    0x080001f2   0x080001f2   0x00000002   Code   RO          263    .ARM.Collect$$libinit$$00000035  c_w.l(libinit2.o)
    0x080001f4   0x080001f4   0x00000002   Code   RO          285    .ARM.Collect$$libshutdown$$00000000  c_w.l(libshutdown.o)
    0x080001f6   0x080001f6   0x00000000   Code   RO          300    .ARM.Collect$$libshutdown$$00000002  c_w.l(libshutdown2.o)
    0x080001f6   0x080001f6   0x00000000   Code   RO          302    .ARM.Collect$$libshutdown$$00000004  c_w.l(libshutdown2.o)
    0x080001f6   0x080001f6   0x00000000   Code   RO          305    .ARM.Collect$$libshutdown$$00000007  c_w.l(libshutdown2.o)
    0x080001f6   0x080001f6   0x00000000   Code   RO          308    .ARM.Collect$$libshutdown$$0000000A  c_w.l(libshutdown2.o)
    0x080001f6   0x080001f6   0x00000000   Code   RO          310    .ARM.Collect$$libshutdown$$0000000C  c_w.l(libshutdown2.o)
    0x080001f6   0x080001f6   0x00000000   Code   RO          313    .ARM.Collect$$libshutdown$$0000000F  c_w.l(libshutdown2.o)
    0x080001f6   0x080001f6   0x00000002   Code   RO          314    .ARM.Collect$$libshutdown$$00000010  c_w.l(libshutdown2.o)
    0x080001f8   0x080001f8   0x00000000   Code   RO          186    .ARM.Collect$$rtentry$$00000000  c_w.l(__rtentry.o)
    0x080001f8   0x080001f8   0x00000000   Code   RO          188    .ARM.Collect$$rtentry$$00000002  c_w.l(__rtentry2.o)
    0x080001f8   0x080001f8   0x00000006   Code   RO          200    .ARM.Collect$$rtentry$$00000004  c_w.l(__rtentry4.o)
    0x080001fe   0x080001fe   0x00000000   Code   RO          190    .ARM.Collect$$rtentry$$00000009  c_w.l(__rtentry2.o)
    0x080001fe   0x080001fe   0x00000004   Code   RO          191    .ARM.Collect$$rtentry$$0000000A  c_w.l(__rtentry2.o)
    0x08000202   0x08000202   0x00000000   Code   RO          193    .ARM.Collect$$rtentry$$0000000C  c_w.l(__rtentry2.o)
    0x08000202   0x08000202   0x00000008   Code   RO          194    .ARM.Collect$$rtentry$$0000000D  c_w.l(__rtentry2.o)
    0x0800020a   0x0800020a   0x00000002   Code   RO          215    .ARM.Collect$$rtexit$$00000000  c_w.l(rtexit.o)
    0x0800020c   0x0800020c   0x00000000   Code   RO          265    .ARM.Collect$$rtexit$$00000002  c_w.l(rtexit2.o)
    0x0800020c   0x0800020c   0x00000004   Code   RO          266    .ARM.Collect$$rtexit$$00000003  c_w.l(rtexit2.o)
    0x08000210   0x08000210   0x00000006   Code   RO          267    .ARM.Collect$$rtexit$$00000004  c_w.l(rtexit2.o)
    0x08000216   0x08000216   0x00000002   PAD
    0x08000218   0x08000218   0x00000040   Code   RO          161  * .text               startup_stm32f401xc.o
    0x08000258   0x08000258   0x00000006   Code   RO          182    .text               c_w.l(heapauxi.o)
    0x0800025e   0x0800025e   0x0000004a   Code   RO          202    .text               c_w.l(sys_stackheap_outer.o)
    0x080002a8   0x080002a8   0x00000012   Code   RO          204    .text               c_w.l(exit.o)
    0x080002ba   0x080002ba   0x00000002   PAD
    0x080002bc   0x080002bc   0x00000008   Code   RO          212    .text               c_w.l(libspace.o)
    0x080002c4   0x080002c4   0x0000000c   Code   RO          275    .text               c_w.l(sys_exit.o)
    0x080002d0   0x080002d0   0x00000002   Code   RO          290    .text               c_w.l(use_no_semi.o)
    0x080002d2   0x080002d2   0x00000000   Code   RO          292    .text               c_w.l(indicate_semi.o)
    0x080002d2   0x080002d2   0x00000002   PAD
    0x080002d4   0x080002d4   0x000000b6   Code   RO            2    .text.ADC_Init      adc.o
    0x0800038a   0x0800038a   0x00000002   PAD
    0x0800038c   0x0800038c   0x00000036   Code   RO            4    .text.ADC_ReadRaw   adc.o
    0x080003c2   0x080003c2   0x00000002   PAD
    0x080003c4   0x080003c4   0x000000ec   Code   RO           69    .text.Airing_control  main.o
    0x080004b0   0x080004b0   0x0000001e   Code   RO           19    .text.ClearData     dht22.o
    0x080004ce   0x080004ce   0x00000002   PAD
    0x080004d0   0x080004d0   0x00000198   Code   RO          127    .text.ClockInit     rcc.o
    0x08000668   0x08000668   0x00000058   Code   RO           27    .text.DHT22_GetHumidity  dht22.o
    0x080006c0   0x080006c0   0x00000078   Code   RO           29    .text.DHT22_GetTemperature  dht22.o
    0x08000738   0x08000738   0x00000018   Code   RO           13    .text.DHT22_Init    dht22.o
    0x08000750   0x08000750   0x0000019c   Code   RO           17    .text.DHT22_Read    dht22.o
    0x080008ec   0x080008ec   0x000000ce   Code   RO           40    .text.GPIO_init     gpio.o
    0x080009ba   0x080009ba   0x00000002   PAD
    0x080009bc   0x080009bc   0x00000062   Code   RO           48    .text.LedBlink_Init  led_blink.o
    0x08000a1e   0x08000a1e   0x00000002   PAD
    0x08000a20   0x08000a20   0x00000044   Code   RO          133    .text.MicroTimer_Init  rcc.o
    0x08000a64   0x08000a64   0x00000026   Code   RO           15    .text.PA7_Input_PullUp  dht22.o
    0x08000a8a   0x08000a8a   0x00000002   PAD
    0x08000a8c   0x08000a8c   0x00000026   Code   RO           23    .text.PA7_Output_High  dht22.o
    0x08000ab2   0x08000ab2   0x00000002   PAD
    0x08000ab4   0x08000ab4   0x00000026   Code   RO           21    .text.PA7_Output_Low  dht22.o
    0x08000ada   0x08000ada   0x00000002   PAD
    0x08000adc   0x08000adc   0x0000000e   Code   RO           31    .text.PA7_Read      dht22.o
    0x08000aea   0x08000aea   0x00000002   PAD
    0x08000aec   0x08000aec   0x00000012   Code   RO          116    .text.PWM_Enable    pwm.o
    0x08000afe   0x08000afe   0x00000002   PAD
    0x08000b00   0x08000b00   0x000000ee   Code   RO          110    .text.PWM_Init      pwm.o
    0x08000bee   0x08000bee   0x00000002   PAD
    0x08000bf0   0x08000bf0   0x00000044   Code   RO          112    .text.PWM_SetPulseWidth  pwm.o
    0x08000c34   0x08000c34   0x0000006e   Code   RO          168    .text.SystemInit    system_stm32f4xx.o
    0x08000ca2   0x08000ca2   0x00000002   PAD
    0x08000ca4   0x08000ca4   0x00000034   Code   RO           81    .text.TIM4_IRQHandler  main.o
    0x08000cd8   0x08000cd8   0x00000204   Code   RO           83    .text.USART1_IRQHandler  main.o
    0x08000edc   0x08000edc   0x00000082   Code   RO          144    .text.USART1_Init   usart1.o
    0x08000f5e   0x08000f5e   0x00000002   PAD
    0x08000f60   0x08000f60   0x00000078   Code   RO          150    .text.USART1_SendArray  usart1.o
    0x08000fd8   0x08000fd8   0x0000004a   Code   RO           25    .text.WaitForLevel  dht22.o
    0x08001022   0x08001022   0x00000002   PAD
    0x08001024   0x08001024   0x00000030   Code   RO           52    .text.__NVIC_EnableIRQ  led_blink.o
    0x08001054   0x08001054   0x00000030   Code   RO          146    .text.__NVIC_EnableIRQ  usart1.o
    0x08001084   0x08001084   0x00000042   Code   RO           50    .text.__NVIC_SetPriority  led_blink.o
    0x080010c6   0x080010c6   0x00000002   PAD
    0x080010c8   0x080010c8   0x00000042   Code   RO          148    .text.__NVIC_SetPriority  usart1.o
    0x0800110a   0x0800110a   0x00000002   PAD
    0x0800110c   0x0800110c   0x00000052   Code   RO           61    .text.calc_checksum  main.o
    0x0800115e   0x0800115e   0x00000002   PAD
    0x08001160   0x08001160   0x00000020   Code   RO          131    .text.delay         rcc.o
    0x08001180   0x08001180   0x00000068   Code   RO           85    .text.doStepVar     main.o
    0x080011e8   0x080011e8   0x0000000a   Code   RO          135    .text.getMicros     rcc.o
    0x080011f2   0x080011f2   0x00000002   PAD
    0x080011f4   0x080011f4   0x00000238   Code   RO           79    .text.main          main.o
    0x0800142c   0x0800142c   0x0000011c   Code   RO           71    .text.makeSteps     main.o
    0x08001548   0x08001548   0x00000808   Code   RO           75    .text.read_message  main.o
    0x08001d50   0x08001d50   0x00000194   Code   RO           73    .text.runStepProfile  main.o
    0x08001ee4   0x08001ee4   0x0000000e   Code   RO           65    .text.send_ack      main.o
    0x08001ef2   0x08001ef2   0x00000002   PAD
    0x08001ef4   0x08001ef4   0x0000002a   Code   RO           67    .text.send_nack_with_error  main.o
    0x08001f1e   0x08001f1e   0x00000002   PAD
    0x08001f20   0x08001f20   0x0000008c   Code   RO           63    .text.send_packet   main.o
    0x08001fac   0x08001fac   0x0000001a   Code   RO          273    x$fpl$fpinit        fz_wm.l(fpinit.o)
    0x08001fc6   0x08001fc6   0x00000002   PAD
    0x08001fc8   0x08001fc8   0x00000010   Data   RO          348    Region$$Table       anon$$obj.o


    Execution Region ER_RW (Exec base: 0x20000000, Load base: 0x08001fd8, Size: 0x00000000, Max: 0xffffffff, ABSOLUTE)

    **** No section assigned to this execution region ****


    Execution Region ER_ZI (Exec base: 0x20000000, Load base: 0x08001fd8, Size: 0x00000a88, Max: 0xffffffff, ABSOLUTE)

    Exec Addr    Load Addr    Size         Type   Attr      Idx    E Section Name        Object

    0x20000000        -       0x00000060   Zero   RW          213    .bss                c_w.l(libspace.o)
    0x20000060        -       0x00000001   Zero   RW           93    .bss.emergency_stop  main.o
    0x20000061        -       0x00000001   Zero   RW           90    .bss.isClimatic     main.o
    0x20000062   0x08001fd8   0x00000002   PAD
    0x20000064        -       0x00000004   Zero   RW           91    .bss.last_byte_tick  main.o
    0x20000068        -       0x00000001   Zero   RW           88    .bss.last_msg_index  main.o
    0x20000069        -       0x00000001   Zero   RW           89    .bss.msg_byte_index  main.o
    0x2000006a        -       0x0000041a   Zero   RW           94    .bss.msg_rx         main.o
    0x20000484        -       0x00000001   Zero   RW           92    .bss.rx_in_progress  main.o
    0x20000485        -       0x00000001   Zero   RW           87    .bss.start_msg_index  main.o
    0x20000486   0x08001fd8   0x00000002   PAD
    0x20000488        -       0x00000200   Zero   RW          159    HEAP                startup_stm32f401xc.o
    0x20000688        -       0x00000400   Zero   RW          158    STACK               startup_stm32f401xc.o


==============================================================================

Image component sizes


      Code (inc. data)   RO Data    RW Data    ZI Data      Debug   Object Name

       236          0          0          0          0       2248   adc.o
       876          8          0          0          0       3397   dht22.o
       206          0          0          0          0       1602   gpio.o
       212          0          0          0          0       4468   led_blink.o
      4498         86          0          0       1060       7945   main.o
       324          0          0          0          0       2638   pwm.o
       518          0          0          0          0       2761   rcc.o
        64         26        404          0       1536        896   startup_stm32f401xc.o
       110          0          0          0          0       2578   system_stm32f4xx.o
       364          0          0          0          0       4578   usart1.o

    ----------------------------------------------------------------------
      7448        120        420          0       2600      33111   Object Totals
         0          0         16          0          0          0   (incl. Generated)
        40          0          0          0          4          0   (incl. Padding)

    ----------------------------------------------------------------------

      Code (inc. data)   RO Data    RW Data    ZI Data      Debug   Library Member Name

         8          0          0          0          0         68   __main.o
         0          0          0          0          0          0   __rtentry.o
        12          0          0          0          0          0   __rtentry2.o
         6          0          0          0          0          0   __rtentry4.o
        52          8          0          0          0          0   __scatter.o
        28          0          0          0          0          0   __scatter_zi.o
        18          0          0          0          0         80   exit.o
         6          0          0          0          0        152   heapauxi.o
         0          0          0          0          0          0   indicate_semi.o
         2          0          0          0          0          0   libinit.o
         6          0          0          0          0          0   libinit2.o
         2          0          0          0          0          0   libshutdown.o
         2          0          0          0          0          0   libshutdown2.o
         8          4          0          0         96         68   libspace.o
         2          0          0          0          0          0   rtexit.o
        10          0          0          0          0          0   rtexit2.o
        12          4          0          0          0         68   sys_exit.o
        74          0          0          0          0         80   sys_stackheap_outer.o
         2          0          0          0          0         68   use_no_semi.o
        26          0          0          0          0        116   fpinit.o

    ----------------------------------------------------------------------
       284         16          0          0         96        700   Library Totals
         8          0          0          0          0          0   (incl. Padding)

    ----------------------------------------------------------------------

      Code (inc. data)   RO Data    RW Data    ZI Data      Debug   Library Name

       250         16          0          0         96        584   c_w.l
        26          0          0          0          0        116   fz_wm.l

    ----------------------------------------------------------------------
       284         16          0          0         96        700   Library Totals

    ----------------------------------------------------------------------

==============================================================================


      Code (inc. data)   RO Data    RW Data    ZI Data      Debug   

      7732        136        420          0       2696      33427   Grand Totals
      7732        136        420          0       2696      33427   ELF Image Totals
      7732        136        420          0          0          0   ROM Totals

==============================================================================

    Total RO  Size (Code + RO Data)                 8152 (   7.96kB)
    Total RW  Size (RW Data + ZI Data)              2696 (   2.63kB)
    Total ROM Size (Code + RO Data + RW Data)       8152 (   7.96kB)

==============================================================================

